--- DASHBOARD LOADED ---


=== EXACT ERROR ===
ReferenceError: useEffect is not defined
Stack: ReferenceError: useEffect is not defined
    at AudioPlayer (http://localhost:5173/src/components/common/AudioPlayer.jsx:12:3)
    at react_stack_bottom_frame (http://localhost:5173/node_modules/.vite/deps/react-dom_client.js?v=de79b2f7:18507:20)
    at renderWithHooks (http://localhost:5173/node_modules/.vite/deps/react-dom_client.js?v=de79b2f7:5652:24)
    at updateFunctionComponent (http://localhost:5173/node_modules/.vite/deps/react-dom_client.js?v=de79b2f7:7473:21)
    at beginWork (http://localhost:5173/node_modules/.vite/deps/react-dom_client.js?v=de79b2f7:8523:20)
    at runWithFiberInDEV (http://localhost:5173/node_modules/.vite/deps/react-dom_client.js?v=de79b2f7:995:72)
    at performUnitOfWork (http://localhost:5173/node_modules/.vite/deps/react-dom_client.js?v=de79b2f7:12559:98)
    at workLoopSync (http://localhost:5173/node_modules/.vite/deps/react-dom_client.js?v=de79b2f7:12422:43)
    at renderRootSync (http://localhost:5173/node_modules/.vite/deps/react-dom_client.js?v=de79b2f7:12406:13)
    at performWorkOnRoot (http://localhost:5173/node_modules/.vite/deps/react-dom_client.js?v=de79b2f7:11825:37)
===================


--- SPEAKING SECTION LOADED ---
